string:"adds(1.0, 1.0) == 2.0"
float:2.000000
string:"subs(3.0, 1.0) == 2.0"
float:2.000000
string:"muls(2.0, 1.0) == 2.0"
float:2.000000
string:"divs(4.0, 2.0) == 2.0"
float:2.000000
string:"abss(+2.0) == 2.0"
float:2.000000
string:"abss(-2.0) == 2.0"
float:2.000000
string:"negs(negs(+2.0)) == 2.0"
float:2.000000
string:"sqrts(4.0) == 2.0"
float:2.000000
string:"cvtws(1.1, RINT_0) == 1"
float:1.000000
string:"cvtws(1.1, CAST_1) == 1"
float:1.000000
string:"cvtws(1.1, CEIL_2) == 2"
float:2.000000
string:"cvtws(1.1, FLOOR_3) == 1"
float:1.000000
string:"cvtws(-1.1, RINT_0) == -1"
float:-1.000000
string:"cvtws(-1.1, CAST_1) == -1"
float:-1.000000
string:"cvtws(-1.1, CEIL_2) == -1"
float:-1.000000
string:"cvtws(-1.1, FLOOR_3) == -2"
float:-2.000000
string:"cvtws(1.9, RINT_0) == 2"
float:2.000000
string:"cvtws(1.9, CAST_1) == 1"
float:1.000000
string:"cvtws(1.9, CEIL_2) == 2"
float:2.000000
string:"cvtws(1.9, FLOOR_3) == 1"
float:1.000000
string:"cvtws(1.5, RINT_0) == 2"
float:2.000000
string:"cvtws(1.5, CAST_1) == 1"
float:1.000000
string:"cvtws(1.5, CEIL_2) == 2"
float:2.000000
string:"cvtws(1.5, FLOOR_3) == 1"
float:1.000000